=== Teed Ball Analysis Result Summary ===
Ball State: TEED
Has Ball: YES
Confidence: 0.800
Analysis Method: opencv_hough_circles
Confidence Level: HIGH
Ball Position:
  X: 856.50 pixels
  Y: 573.50 pixels
  Radius: 54.20 pixels
  Confidence: 0.800
  Detection Method: opencv_hough
  Valid: YES
Debug Information:
  - Detected 2 circles
============================================
