=== Teed Ball Analysis Result Summary ===
Ball State: TEED
Has Ball: YES
Confidence: 0.800
Analysis Method: opencv_hough_circles
Confidence Level: HIGH
Ball Position:
  X: 844.50 pixels
  Y: 346.50 pixels
  Radius: 49.90 pixels
  Confidence: 0.800
  Detection Method: opencv_hough
  Valid: YES
Debug Information:
  - Detected 3 circles
============================================
