=== Teed Ball Analysis Result Summary ===
Ball State: TEED
Has Ball: YES
Confidence: 0.800
Analysis Method: opencv_hough_circles
Confidence Level: HIGH
Ball Position:
  X: 998.50 pixels
  Y: 593.50 pixels
  Radius: 49.40 pixels
  Confidence: 0.800
  Detection Method: opencv_hough
  Valid: YES
Debug Information:
  - Detected 1 circles
============================================
