=== Movement Analysis Result ===
Movement Detected: YES
Confidence: 1.000
Movement Magnitude: 187.359
Time Since First Movement: 0 microseconds
Analysis Method: opencv_optical_flow
Motion Vectors: 0
Last Known Position:
  X: 681.500 pixels
  Y: 547.500 pixels
  Radius: 53.600 pixels
  Confidence: 0.800
================================
