=== Teed Ball Analysis Result Summary ===
Ball State: ABSENT
Has Ball: NO
Confidence: 0.100
Analysis Method: opencv_hough_circles
Confidence Level: UNKNOWN
Ball Position:
  X: 54.50 pixels
  Y: 53.50 pixels
  Radius: 54.30 pixels
  Confidence: 0.100
  Detection Method: opencv_hough
  Valid: YES
Debug Information:
  - Detected 1 circles
============================================
